tomo_true/N.ANIH.BXR.semd.sac.T005_T020
tomo_true/N.ASRH.BXR.semd.sac.T005_T020
tomo_true/N.HMNH.BXR.semd.sac.T005_T020
tomo_true/N.HMSH.BXR.semd.sac.T005_T020
tomo_true/N.HNRH.BXR.semd.sac.T005_T020
tomo_true/N.ICWH.BXR.semd.sac.T005_T020
tomo_true/N.IW2H.BXR.semd.sac.T005_T020
tomo_true/N.IWZH.BXR.semd.sac.T005_T020
tomo_true/N.KANH.BXR.semd.sac.T005_T020
tomo_true/N.KASH.BXR.semd.sac.T005_T020
tomo_true/N.KGSH.BXR.semd.sac.T005_T020
tomo_true/N.KHEH.BXR.semd.sac.T005_T020
tomo_true/N.KJSH.BXR.semd.sac.T005_T020
tomo_true/N.KOSH.BXR.semd.sac.T005_T020
tomo_true/N.KRMH.BXR.semd.sac.T005_T020
tomo_true/N.KWAH.BXR.semd.sac.T005_T020
tomo_true/N.KZMH.BXR.semd.sac.T005_T020
tomo_true/N.KZNH.BXR.semd.sac.T005_T020
tomo_true/N.NHEH.BXR.semd.sac.T005_T020
tomo_true/N.NHWH.BXR.semd.sac.T005_T020
tomo_true/N.NSBH.BXR.semd.sac.T005_T020
tomo_true/N.NSEH.BXR.semd.sac.T005_T020
tomo_true/N.NSNH.BXR.semd.sac.T005_T020
tomo_true/N.NSSH.BXR.semd.sac.T005_T020
tomo_true/N.NWAH.BXR.semd.sac.T005_T020
tomo_true/N.ODTH.BXR.semd.sac.T005_T020
tomo_true/N.OMRH.BXR.semd.sac.T005_T020
tomo_true/N.OWNH.BXR.semd.sac.T005_T020
tomo_true/N.RZTH.BXR.semd.sac.T005_T020
tomo_true/N.SHGH.BXR.semd.sac.T005_T020
tomo_true/N.SMTH.BXR.semd.sac.T005_T020
tomo_true/N.SZKH.BXR.semd.sac.T005_T020
tomo_true/N.TMYH.BXR.semd.sac.T005_T020
tomo_true/N.TOUH.BXR.semd.sac.T005_T020
tomo_true/N.TSRH.BXR.semd.sac.T005_T020
tomo_true/N.TTKH.BXR.semd.sac.T005_T020
tomo_true/N.YHBH.BXR.semd.sac.T005_T020
tomo_true/N.YUZH.BXR.semd.sac.T005_T020
