tomo_true/N.ANIH.BXT.semd.sac.T005_T020
tomo_true/N.ASRH.BXT.semd.sac.T005_T020
tomo_true/N.HMNH.BXT.semd.sac.T005_T020
tomo_true/N.HMSH.BXT.semd.sac.T005_T020
tomo_true/N.HNRH.BXT.semd.sac.T005_T020
tomo_true/N.ICWH.BXT.semd.sac.T005_T020
tomo_true/N.IW2H.BXT.semd.sac.T005_T020
tomo_true/N.IWZH.BXT.semd.sac.T005_T020
tomo_true/N.KANH.BXT.semd.sac.T005_T020
tomo_true/N.KASH.BXT.semd.sac.T005_T020
tomo_true/N.KGSH.BXT.semd.sac.T005_T020
tomo_true/N.KHEH.BXT.semd.sac.T005_T020
tomo_true/N.KJSH.BXT.semd.sac.T005_T020
tomo_true/N.KOSH.BXT.semd.sac.T005_T020
tomo_true/N.KRMH.BXT.semd.sac.T005_T020
tomo_true/N.KWAH.BXT.semd.sac.T005_T020
tomo_true/N.KZMH.BXT.semd.sac.T005_T020
tomo_true/N.KZNH.BXT.semd.sac.T005_T020
tomo_true/N.NHEH.BXT.semd.sac.T005_T020
tomo_true/N.NHWH.BXT.semd.sac.T005_T020
tomo_true/N.NSBH.BXT.semd.sac.T005_T020
tomo_true/N.NSEH.BXT.semd.sac.T005_T020
tomo_true/N.NSNH.BXT.semd.sac.T005_T020
tomo_true/N.NSSH.BXT.semd.sac.T005_T020
tomo_true/N.NWAH.BXT.semd.sac.T005_T020
tomo_true/N.ODTH.BXT.semd.sac.T005_T020
tomo_true/N.OMRH.BXT.semd.sac.T005_T020
tomo_true/N.OWNH.BXT.semd.sac.T005_T020
tomo_true/N.RZTH.BXT.semd.sac.T005_T020
tomo_true/N.SHGH.BXT.semd.sac.T005_T020
tomo_true/N.SMTH.BXT.semd.sac.T005_T020
tomo_true/N.SZKH.BXT.semd.sac.T005_T020
tomo_true/N.TMYH.BXT.semd.sac.T005_T020
tomo_true/N.TOUH.BXT.semd.sac.T005_T020
tomo_true/N.TSRH.BXT.semd.sac.T005_T020
tomo_true/N.TTKH.BXT.semd.sac.T005_T020
tomo_true/N.YHBH.BXT.semd.sac.T005_T020
tomo_true/N.YUZH.BXT.semd.sac.T005_T020
