tomo_true/N.ANIH.BXZ.semd.sac
tomo_true/N.ASRH.BXZ.semd.sac
tomo_true/N.HMNH.BXZ.semd.sac
tomo_true/N.HMSH.BXZ.semd.sac
tomo_true/N.HNRH.BXZ.semd.sac
tomo_true/N.ICWH.BXZ.semd.sac
tomo_true/N.IW2H.BXZ.semd.sac
tomo_true/N.IWZH.BXZ.semd.sac
tomo_true/N.KANH.BXZ.semd.sac
tomo_true/N.KASH.BXZ.semd.sac
tomo_true/N.KGSH.BXZ.semd.sac
tomo_true/N.KHEH.BXZ.semd.sac
tomo_true/N.KJSH.BXZ.semd.sac
tomo_true/N.KOSH.BXZ.semd.sac
tomo_true/N.KRMH.BXZ.semd.sac
tomo_true/N.KWAH.BXZ.semd.sac
tomo_true/N.KZMH.BXZ.semd.sac
tomo_true/N.KZNH.BXZ.semd.sac
tomo_true/N.NHEH.BXZ.semd.sac
tomo_true/N.NHWH.BXZ.semd.sac
tomo_true/N.NSBH.BXZ.semd.sac
tomo_true/N.NSEH.BXZ.semd.sac
tomo_true/N.NSNH.BXZ.semd.sac
tomo_true/N.NSSH.BXZ.semd.sac
tomo_true/N.NWAH.BXZ.semd.sac
tomo_true/N.ODTH.BXZ.semd.sac
tomo_true/N.OMRH.BXZ.semd.sac
tomo_true/N.OWNH.BXZ.semd.sac
tomo_true/N.RZTH.BXZ.semd.sac
tomo_true/N.SHGH.BXZ.semd.sac
tomo_true/N.SMTH.BXZ.semd.sac
tomo_true/N.SZKH.BXZ.semd.sac
tomo_true/N.TMYH.BXZ.semd.sac
tomo_true/N.TOUH.BXZ.semd.sac
tomo_true/N.TSRH.BXZ.semd.sac
tomo_true/N.TTKH.BXZ.semd.sac
tomo_true/N.YHBH.BXZ.semd.sac
tomo_true/N.YUZH.BXZ.semd.sac
