tomo_init/N.ANIH.BXT.semd.sac.T005_T020
tomo_init/N.ASRH.BXT.semd.sac.T005_T020
tomo_init/N.HMNH.BXT.semd.sac.T005_T020
tomo_init/N.HMSH.BXT.semd.sac.T005_T020
tomo_init/N.HNRH.BXT.semd.sac.T005_T020
tomo_init/N.ICWH.BXT.semd.sac.T005_T020
tomo_init/N.IW2H.BXT.semd.sac.T005_T020
tomo_init/N.IWZH.BXT.semd.sac.T005_T020
tomo_init/N.KANH.BXT.semd.sac.T005_T020
tomo_init/N.KASH.BXT.semd.sac.T005_T020
tomo_init/N.KGSH.BXT.semd.sac.T005_T020
tomo_init/N.KHEH.BXT.semd.sac.T005_T020
tomo_init/N.KJSH.BXT.semd.sac.T005_T020
tomo_init/N.KOSH.BXT.semd.sac.T005_T020
tomo_init/N.KRMH.BXT.semd.sac.T005_T020
tomo_init/N.KWAH.BXT.semd.sac.T005_T020
tomo_init/N.KZMH.BXT.semd.sac.T005_T020
tomo_init/N.KZNH.BXT.semd.sac.T005_T020
tomo_init/N.NHEH.BXT.semd.sac.T005_T020
tomo_init/N.NHWH.BXT.semd.sac.T005_T020
tomo_init/N.NSBH.BXT.semd.sac.T005_T020
tomo_init/N.NSEH.BXT.semd.sac.T005_T020
tomo_init/N.NSNH.BXT.semd.sac.T005_T020
tomo_init/N.NSSH.BXT.semd.sac.T005_T020
tomo_init/N.NWAH.BXT.semd.sac.T005_T020
tomo_init/N.ODTH.BXT.semd.sac.T005_T020
tomo_init/N.OMRH.BXT.semd.sac.T005_T020
tomo_init/N.OWNH.BXT.semd.sac.T005_T020
tomo_init/N.RZTH.BXT.semd.sac.T005_T020
tomo_init/N.SHGH.BXT.semd.sac.T005_T020
tomo_init/N.SMTH.BXT.semd.sac.T005_T020
tomo_init/N.SZKH.BXT.semd.sac.T005_T020
tomo_init/N.TMYH.BXT.semd.sac.T005_T020
tomo_init/N.TOUH.BXT.semd.sac.T005_T020
tomo_init/N.TSRH.BXT.semd.sac.T005_T020
tomo_init/N.TTKH.BXT.semd.sac.T005_T020
tomo_init/N.YHBH.BXT.semd.sac.T005_T020
tomo_init/N.YUZH.BXT.semd.sac.T005_T020
