tomo_init/N.ANIH.BXZ.semd.sac
tomo_init/N.ASRH.BXZ.semd.sac
tomo_init/N.HMNH.BXZ.semd.sac
tomo_init/N.HMSH.BXZ.semd.sac
tomo_init/N.HNRH.BXZ.semd.sac
tomo_init/N.ICWH.BXZ.semd.sac
tomo_init/N.IW2H.BXZ.semd.sac
tomo_init/N.IWZH.BXZ.semd.sac
tomo_init/N.KANH.BXZ.semd.sac
tomo_init/N.KASH.BXZ.semd.sac
tomo_init/N.KGSH.BXZ.semd.sac
tomo_init/N.KHEH.BXZ.semd.sac
tomo_init/N.KJSH.BXZ.semd.sac
tomo_init/N.KOSH.BXZ.semd.sac
tomo_init/N.KRMH.BXZ.semd.sac
tomo_init/N.KWAH.BXZ.semd.sac
tomo_init/N.KZMH.BXZ.semd.sac
tomo_init/N.KZNH.BXZ.semd.sac
tomo_init/N.NHEH.BXZ.semd.sac
tomo_init/N.NHWH.BXZ.semd.sac
tomo_init/N.NSBH.BXZ.semd.sac
tomo_init/N.NSEH.BXZ.semd.sac
tomo_init/N.NSNH.BXZ.semd.sac
tomo_init/N.NSSH.BXZ.semd.sac
tomo_init/N.NWAH.BXZ.semd.sac
tomo_init/N.ODTH.BXZ.semd.sac
tomo_init/N.OMRH.BXZ.semd.sac
tomo_init/N.OWNH.BXZ.semd.sac
tomo_init/N.RZTH.BXZ.semd.sac
tomo_init/N.SHGH.BXZ.semd.sac
tomo_init/N.SMTH.BXZ.semd.sac
tomo_init/N.SZKH.BXZ.semd.sac
tomo_init/N.TMYH.BXZ.semd.sac
tomo_init/N.TOUH.BXZ.semd.sac
tomo_init/N.TSRH.BXZ.semd.sac
tomo_init/N.TTKH.BXZ.semd.sac
tomo_init/N.YHBH.BXZ.semd.sac
tomo_init/N.YUZH.BXZ.semd.sac
